// Jest Snapshot v1, https://goo.gl/fbAQLP

exports[`renders correctly 1`] = `
<RCTScrollView
  data={
    Array [
      Object {
        "node": Object {
          "comics": 543,
          "id": "SGVybzoxMDA5MTg3",
          "image": "http://i.annihil.us/u/prod/marvel/i/mg/6/60/5261a80a67e7d/standard_fantastic.jpg",
          "name": "Black Panther",
          "series": 175,
          "stories": 745,
        },
      },
      Object {
        "node": Object {
          "comics": 2067,
          "id": "SGVybzoxMDA5MjIw",
          "image": "http://i.annihil.us/u/prod/marvel/i/mg/3/50/537ba56d31087/standard_fantastic.jpg",
          "name": "Captain America",
          "series": 554,
          "stories": 3071,
        },
      },
      Object {
        "node": Object {
          "comics": 421,
          "id": "SGVybzoxMDEwMzM4",
          "image": "http://i.annihil.us/u/prod/marvel/i/mg/6/80/5269608c1be7a/standard_fantastic.jpg",
          "name": "Captain Marvel (Carol Danvers)",
          "series": 140,
          "stories": 510,
        },
      },
    ]
  }
  disableVirtualization={false}
  getItem={[Function]}
  getItemCount={[Function]}
  horizontal={false}
  initialNumToRender={10}
  invertStickyHeaders={undefined}
  keyExtractor={[Function]}
  maxToRenderPerBatch={10}
  numColumns={1}
  onContentSizeChange={[Function]}
  onEndReachedThreshold={2}
  onLayout={[Function]}
  onMomentumScrollEnd={[Function]}
  onScroll={[Function]}
  onScrollBeginDrag={[Function]}
  onScrollEndDrag={[Function]}
  renderItem={[Function]}
  scrollEventThrottle={50}
  stickyHeaderIndices={Array []}
  style={
    Object {
      "marginTop": 10,
    }
  }
  updateCellsBatchingPeriod={50}
  viewabilityConfigCallbackPairs={Array []}
  windowSize={21}
>
  <View>
    <View
      onLayout={[Function]}
      style={null}
    >
      <View
        accessibilityComponentType={undefined}
        accessibilityLabel={undefined}
        accessibilityTraits={undefined}
        accessible={true}
        hasTVPreferredFocus={undefined}
        hitSlop={undefined}
        isTVSelectable={true}
        nativeID={undefined}
        onLayout={undefined}
        onResponderGrant={[Function]}
        onResponderMove={[Function]}
        onResponderRelease={[Function]}
        onResponderTerminate={[Function]}
        onResponderTerminationRequest={[Function]}
        onStartShouldSetResponder={[Function]}
        style={null}
        testID={undefined}
        tvParallaxProperties={undefined}
      >
        <View
          style={
            Array [
              Object {
                "alignItems": "center",
                "backgroundColor": "#e6e6e6",
                "borderColor": "#bfbfbf",
                "borderWidth": 2,
                "flexDirection": "row",
                "marginBottom": 10,
                "width": 740,
              },
              null,
            ]
          }
        >
          <View
            style={
              Array [
                Object {
                  "alignItems": "center",
                  "width": "30%",
                },
                undefined,
              ]
            }
          >
            <Image
              resizeMode="cover"
              source={
                Object {
                  "uri": "http://i.annihil.us/u/prod/marvel/i/mg/6/60/5261a80a67e7d/standard_fantastic.jpg",
                }
              }
              style={
                Array [
                  Object {
                    "borderRadius": 100,
                    "height": 90,
                    "marginBottom": 10,
                    "marginTop": 10,
                    "width": 90,
                  },
                  undefined,
                ]
              }
            />
          </View>
          <View
            style={
              Array [
                Object {
                  "flexBasis": 0,
                  "flexGrow": 1,
                  "flexShrink": 1,
                  "height": 100,
                },
                undefined,
              ]
            }
          >
            <View
              style={
                Array [
                  Object {
                    "height": "80%",
                    "paddingTop": 25,
                  },
                  undefined,
                ]
              }
            >
              <Text
                accessible={true}
                allowFontScaling={true}
                ellipsizeMode="tail"
                style={
                  Array [
                    Object {
                      "color": "#4d4d4d",
                      "fontWeight": "bold",
                    },
                    undefined,
                  ]
                }
              >
                BLACK PANTHER
              </Text>
              <View
                style={
                  Array [
                    Object {
                      "flexBasis": 0,
                      "flexDirection": "row",
                      "flexGrow": 1,
                      "flexShrink": 1,
                      "marginTop": 7,
                    },
                    undefined,
                  ]
                }
              >
                <View
                  bgColor="#0066ff"
                  statName="Comics"
                  statNumber={543}
                  style={
                    Array [
                      Object {
                        "backgroundColor": "#0066ff",
                        "borderRadius": 2,
                        "height": 20,
                        "width": 100,
                      },
                      undefined,
                    ]
                  }
                >
                  <View
                    style={
                      Array [
                        Object {
                          "flexBasis": 0,
                          "flexDirection": "row",
                          "flexGrow": 1,
                          "flexShrink": 1,
                        },
                        undefined,
                      ]
                    }
                  >
                    <View
                      style={
                        Array [
                          Object {
                            "width": 40,
                          },
                          undefined,
                        ]
                      }
                    >
                      <Text
                        accessible={true}
                        allowFontScaling={true}
                        ellipsizeMode="tail"
                        style={
                          Array [
                            Object {
                              "color": "#ffffff",
                              "fontWeight": "bold",
                              "textAlign": "center",
                            },
                            undefined,
                          ]
                        }
                      >
                        543
                      </Text>
                    </View>
                    <View
                      style={
                        Array [
                          Object {
                            "marginLeft": 3,
                            "width": 90,
                          },
                          undefined,
                        ]
                      }
                    >
                      <Text
                        accessible={true}
                        allowFontScaling={true}
                        ellipsizeMode="tail"
                        style={
                          Array [
                            Object {
                              "color": "#ffffff",
                            },
                            undefined,
                          ]
                        }
                      >
                        Comics
                      </Text>
                    </View>
                  </View>
                </View>
                <View
                  style={
                    Object {
                      "marginRight": 5,
                    }
                  }
                />
                <View
                  bgColor="#00cc00"
                  statName="Series"
                  statNumber={175}
                  style={
                    Array [
                      Object {
                        "backgroundColor": "#00cc00",
                        "borderRadius": 2,
                        "height": 20,
                        "width": 100,
                      },
                      undefined,
                    ]
                  }
                >
                  <View
                    style={
                      Array [
                        Object {
                          "flexBasis": 0,
                          "flexDirection": "row",
                          "flexGrow": 1,
                          "flexShrink": 1,
                        },
                        undefined,
                      ]
                    }
                  >
                    <View
                      style={
                        Array [
                          Object {
                            "width": 40,
                          },
                          undefined,
                        ]
                      }
                    >
                      <Text
                        accessible={true}
                        allowFontScaling={true}
                        ellipsizeMode="tail"
                        style={
                          Array [
                            Object {
                              "color": "#ffffff",
                              "fontWeight": "bold",
                              "textAlign": "center",
                            },
                            undefined,
                          ]
                        }
                      >
                        175
                      </Text>
                    </View>
                    <View
                      style={
                        Array [
                          Object {
                            "marginLeft": 3,
                            "width": 90,
                          },
                          undefined,
                        ]
                      }
                    >
                      <Text
                        accessible={true}
                        allowFontScaling={true}
                        ellipsizeMode="tail"
                        style={
                          Array [
                            Object {
                              "color": "#ffffff",
                            },
                            undefined,
                          ]
                        }
                      >
                        Series
                      </Text>
                    </View>
                  </View>
                </View>
              </View>
            </View>
          </View>
        </View>
      </View>
    </View>
    <View
      onLayout={[Function]}
      style={null}
    >
      <View
        accessibilityComponentType={undefined}
        accessibilityLabel={undefined}
        accessibilityTraits={undefined}
        accessible={true}
        hasTVPreferredFocus={undefined}
        hitSlop={undefined}
        isTVSelectable={true}
        nativeID={undefined}
        onLayout={undefined}
        onResponderGrant={[Function]}
        onResponderMove={[Function]}
        onResponderRelease={[Function]}
        onResponderTerminate={[Function]}
        onResponderTerminationRequest={[Function]}
        onStartShouldSetResponder={[Function]}
        style={null}
        testID={undefined}
        tvParallaxProperties={undefined}
      >
        <View
          style={
            Array [
              Object {
                "alignItems": "center",
                "backgroundColor": "#e6e6e6",
                "borderColor": "#bfbfbf",
                "borderWidth": 2,
                "flexDirection": "row",
                "marginBottom": 10,
                "width": 740,
              },
              null,
            ]
          }
        >
          <View
            style={
              Array [
                Object {
                  "alignItems": "center",
                  "width": "30%",
                },
                undefined,
              ]
            }
          >
            <Image
              resizeMode="cover"
              source={
                Object {
                  "uri": "http://i.annihil.us/u/prod/marvel/i/mg/3/50/537ba56d31087/standard_fantastic.jpg",
                }
              }
              style={
                Array [
                  Object {
                    "borderRadius": 100,
                    "height": 90,
                    "marginBottom": 10,
                    "marginTop": 10,
                    "width": 90,
                  },
                  undefined,
                ]
              }
            />
          </View>
          <View
            style={
              Array [
                Object {
                  "flexBasis": 0,
                  "flexGrow": 1,
                  "flexShrink": 1,
                  "height": 100,
                },
                undefined,
              ]
            }
          >
            <View
              style={
                Array [
                  Object {
                    "height": "80%",
                    "paddingTop": 25,
                  },
                  undefined,
                ]
              }
            >
              <Text
                accessible={true}
                allowFontScaling={true}
                ellipsizeMode="tail"
                style={
                  Array [
                    Object {
                      "color": "#4d4d4d",
                      "fontWeight": "bold",
                    },
                    undefined,
                  ]
                }
              >
                CAPTAIN AMERICA
              </Text>
              <View
                style={
                  Array [
                    Object {
                      "flexBasis": 0,
                      "flexDirection": "row",
                      "flexGrow": 1,
                      "flexShrink": 1,
                      "marginTop": 7,
                    },
                    undefined,
                  ]
                }
              >
                <View
                  bgColor="#0066ff"
                  statName="Comics"
                  statNumber={2067}
                  style={
                    Array [
                      Object {
                        "backgroundColor": "#0066ff",
                        "borderRadius": 2,
                        "height": 20,
                        "width": 100,
                      },
                      undefined,
                    ]
                  }
                >
                  <View
                    style={
                      Array [
                        Object {
                          "flexBasis": 0,
                          "flexDirection": "row",
                          "flexGrow": 1,
                          "flexShrink": 1,
                        },
                        undefined,
                      ]
                    }
                  >
                    <View
                      style={
                        Array [
                          Object {
                            "width": 40,
                          },
                          undefined,
                        ]
                      }
                    >
                      <Text
                        accessible={true}
                        allowFontScaling={true}
                        ellipsizeMode="tail"
                        style={
                          Array [
                            Object {
                              "color": "#ffffff",
                              "fontWeight": "bold",
                              "textAlign": "center",
                            },
                            undefined,
                          ]
                        }
                      >
                        2067
                      </Text>
                    </View>
                    <View
                      style={
                        Array [
                          Object {
                            "marginLeft": 3,
                            "width": 90,
                          },
                          undefined,
                        ]
                      }
                    >
                      <Text
                        accessible={true}
                        allowFontScaling={true}
                        ellipsizeMode="tail"
                        style={
                          Array [
                            Object {
                              "color": "#ffffff",
                            },
                            undefined,
                          ]
                        }
                      >
                        Comics
                      </Text>
                    </View>
                  </View>
                </View>
                <View
                  style={
                    Object {
                      "marginRight": 5,
                    }
                  }
                />
                <View
                  bgColor="#00cc00"
                  statName="Series"
                  statNumber={554}
                  style={
                    Array [
                      Object {
                        "backgroundColor": "#00cc00",
                        "borderRadius": 2,
                        "height": 20,
                        "width": 100,
                      },
                      undefined,
                    ]
                  }
                >
                  <View
                    style={
                      Array [
                        Object {
                          "flexBasis": 0,
                          "flexDirection": "row",
                          "flexGrow": 1,
                          "flexShrink": 1,
                        },
                        undefined,
                      ]
                    }
                  >
                    <View
                      style={
                        Array [
                          Object {
                            "width": 40,
                          },
                          undefined,
                        ]
                      }
                    >
                      <Text
                        accessible={true}
                        allowFontScaling={true}
                        ellipsizeMode="tail"
                        style={
                          Array [
                            Object {
                              "color": "#ffffff",
                              "fontWeight": "bold",
                              "textAlign": "center",
                            },
                            undefined,
                          ]
                        }
                      >
                        554
                      </Text>
                    </View>
                    <View
                      style={
                        Array [
                          Object {
                            "marginLeft": 3,
                            "width": 90,
                          },
                          undefined,
                        ]
                      }
                    >
                      <Text
                        accessible={true}
                        allowFontScaling={true}
                        ellipsizeMode="tail"
                        style={
                          Array [
                            Object {
                              "color": "#ffffff",
                            },
                            undefined,
                          ]
                        }
                      >
                        Series
                      </Text>
                    </View>
                  </View>
                </View>
              </View>
            </View>
          </View>
        </View>
      </View>
    </View>
    <View
      onLayout={[Function]}
      style={null}
    >
      <View
        accessibilityComponentType={undefined}
        accessibilityLabel={undefined}
        accessibilityTraits={undefined}
        accessible={true}
        hasTVPreferredFocus={undefined}
        hitSlop={undefined}
        isTVSelectable={true}
        nativeID={undefined}
        onLayout={undefined}
        onResponderGrant={[Function]}
        onResponderMove={[Function]}
        onResponderRelease={[Function]}
        onResponderTerminate={[Function]}
        onResponderTerminationRequest={[Function]}
        onStartShouldSetResponder={[Function]}
        style={null}
        testID={undefined}
        tvParallaxProperties={undefined}
      >
        <View
          style={
            Array [
              Object {
                "alignItems": "center",
                "backgroundColor": "#e6e6e6",
                "borderColor": "#bfbfbf",
                "borderWidth": 2,
                "flexDirection": "row",
                "marginBottom": 10,
                "width": 740,
              },
              null,
            ]
          }
        >
          <View
            style={
              Array [
                Object {
                  "alignItems": "center",
                  "width": "30%",
                },
                undefined,
              ]
            }
          >
            <Image
              resizeMode="cover"
              source={
                Object {
                  "uri": "http://i.annihil.us/u/prod/marvel/i/mg/6/80/5269608c1be7a/standard_fantastic.jpg",
                }
              }
              style={
                Array [
                  Object {
                    "borderRadius": 100,
                    "height": 90,
                    "marginBottom": 10,
                    "marginTop": 10,
                    "width": 90,
                  },
                  undefined,
                ]
              }
            />
          </View>
          <View
            style={
              Array [
                Object {
                  "flexBasis": 0,
                  "flexGrow": 1,
                  "flexShrink": 1,
                  "height": 100,
                },
                undefined,
              ]
            }
          >
            <View
              style={
                Array [
                  Object {
                    "height": "80%",
                    "paddingTop": 25,
                  },
                  undefined,
                ]
              }
            >
              <Text
                accessible={true}
                allowFontScaling={true}
                ellipsizeMode="tail"
                style={
                  Array [
                    Object {
                      "color": "#4d4d4d",
                      "fontWeight": "bold",
                    },
                    undefined,
                  ]
                }
              >
                CAPTAIN MARVEL (CAROL DANVERS)
              </Text>
              <View
                style={
                  Array [
                    Object {
                      "flexBasis": 0,
                      "flexDirection": "row",
                      "flexGrow": 1,
                      "flexShrink": 1,
                      "marginTop": 7,
                    },
                    undefined,
                  ]
                }
              >
                <View
                  bgColor="#0066ff"
                  statName="Comics"
                  statNumber={421}
                  style={
                    Array [
                      Object {
                        "backgroundColor": "#0066ff",
                        "borderRadius": 2,
                        "height": 20,
                        "width": 100,
                      },
                      undefined,
                    ]
                  }
                >
                  <View
                    style={
                      Array [
                        Object {
                          "flexBasis": 0,
                          "flexDirection": "row",
                          "flexGrow": 1,
                          "flexShrink": 1,
                        },
                        undefined,
                      ]
                    }
                  >
                    <View
                      style={
                        Array [
                          Object {
                            "width": 40,
                          },
                          undefined,
                        ]
                      }
                    >
                      <Text
                        accessible={true}
                        allowFontScaling={true}
                        ellipsizeMode="tail"
                        style={
                          Array [
                            Object {
                              "color": "#ffffff",
                              "fontWeight": "bold",
                              "textAlign": "center",
                            },
                            undefined,
                          ]
                        }
                      >
                        421
                      </Text>
                    </View>
                    <View
                      style={
                        Array [
                          Object {
                            "marginLeft": 3,
                            "width": 90,
                          },
                          undefined,
                        ]
                      }
                    >
                      <Text
                        accessible={true}
                        allowFontScaling={true}
                        ellipsizeMode="tail"
                        style={
                          Array [
                            Object {
                              "color": "#ffffff",
                            },
                            undefined,
                          ]
                        }
                      >
                        Comics
                      </Text>
                    </View>
                  </View>
                </View>
                <View
                  style={
                    Object {
                      "marginRight": 5,
                    }
                  }
                />
                <View
                  bgColor="#00cc00"
                  statName="Series"
                  statNumber={140}
                  style={
                    Array [
                      Object {
                        "backgroundColor": "#00cc00",
                        "borderRadius": 2,
                        "height": 20,
                        "width": 100,
                      },
                      undefined,
                    ]
                  }
                >
                  <View
                    style={
                      Array [
                        Object {
                          "flexBasis": 0,
                          "flexDirection": "row",
                          "flexGrow": 1,
                          "flexShrink": 1,
                        },
                        undefined,
                      ]
                    }
                  >
                    <View
                      style={
                        Array [
                          Object {
                            "width": 40,
                          },
                          undefined,
                        ]
                      }
                    >
                      <Text
                        accessible={true}
                        allowFontScaling={true}
                        ellipsizeMode="tail"
                        style={
                          Array [
                            Object {
                              "color": "#ffffff",
                              "fontWeight": "bold",
                              "textAlign": "center",
                            },
                            undefined,
                          ]
                        }
                      >
                        140
                      </Text>
                    </View>
                    <View
                      style={
                        Array [
                          Object {
                            "marginLeft": 3,
                            "width": 90,
                          },
                          undefined,
                        ]
                      }
                    >
                      <Text
                        accessible={true}
                        allowFontScaling={true}
                        ellipsizeMode="tail"
                        style={
                          Array [
                            Object {
                              "color": "#ffffff",
                            },
                            undefined,
                          ]
                        }
                      >
                        Series
                      </Text>
                    </View>
                  </View>
                </View>
              </View>
            </View>
          </View>
        </View>
      </View>
    </View>
  </View>
</RCTScrollView>
`;
