// Jest Snapshot v1, https://goo.gl/fbAQLP

exports[`renders correctly 1`] = `
<View
  accessibilityComponentType={undefined}
  accessibilityLabel={undefined}
  accessibilityTraits={undefined}
  accessible={true}
  hasTVPreferredFocus={undefined}
  hitSlop={undefined}
  isTVSelectable={true}
  nativeID={undefined}
  onLayout={undefined}
  onResponderGrant={[Function]}
  onResponderMove={[Function]}
  onResponderRelease={[Function]}
  onResponderTerminate={[Function]}
  onResponderTerminationRequest={[Function]}
  onStartShouldSetResponder={[Function]}
  style={null}
  testID={undefined}
  tvParallaxProperties={undefined}
>
  <View
    style={
      Array [
        Object {
          "alignItems": "center",
          "backgroundColor": "#e6e6e6",
          "borderColor": "#bfbfbf",
          "borderWidth": 2,
          "flexDirection": "row",
          "marginBottom": 10,
          "width": 740,
        },
        null,
      ]
    }
  >
    <View
      style={
        Array [
          Object {
            "alignItems": "center",
            "width": "30%",
          },
          undefined,
        ]
      }
    >
      <Image
        resizeMode="cover"
        source={
          Object {
            "uri": "http://i.annihil.us/u/prod/marvel/i/mg/6/60/5261a80a67e7d/standard_fantastic.jpg",
          }
        }
        style={
          Array [
            Object {
              "borderRadius": 100,
              "height": 90,
              "marginBottom": 10,
              "marginTop": 10,
              "width": 90,
            },
            undefined,
          ]
        }
      />
    </View>
    <View
      style={
        Array [
          Object {
            "flexBasis": 0,
            "flexGrow": 1,
            "flexShrink": 1,
            "height": 100,
          },
          undefined,
        ]
      }
    >
      <View
        style={
          Array [
            Object {
              "height": "80%",
              "paddingTop": 25,
            },
            undefined,
          ]
        }
      >
        <Text
          accessible={true}
          allowFontScaling={true}
          ellipsizeMode="tail"
          style={
            Array [
              Object {
                "color": "#4d4d4d",
                "fontWeight": "bold",
              },
              undefined,
            ]
          }
        >
          BLACK PANTHER
        </Text>
        <View
          style={
            Array [
              Object {
                "flexBasis": 0,
                "flexDirection": "row",
                "flexGrow": 1,
                "flexShrink": 1,
                "marginTop": 7,
              },
              undefined,
            ]
          }
        >
          <View
            style={
              Object {
                "backgroundColor": "#0066ff",
                "borderRadius": 2,
                "height": 20,
                "width": 100,
              }
            }
          >
            <View
              style={
                Array [
                  Object {
                    "flexBasis": 0,
                    "flexDirection": "row",
                    "flexGrow": 1,
                    "flexShrink": 1,
                  },
                  undefined,
                ]
              }
            >
              <View
                style={
                  Array [
                    Object {
                      "width": 40,
                    },
                    Object {
                      "width": 40,
                    },
                  ]
                }
              >
                <Text
                  accessible={true}
                  allowFontScaling={true}
                  ellipsizeMode="tail"
                  style={
                    Array [
                      Object {
                        "color": "#fff",
                        "fontWeight": "bold",
                        "textAlign": "center",
                      },
                      undefined,
                    ]
                  }
                >
                  543
                </Text>
              </View>
              <View
                style={
                  Array [
                    Object {
                      "marginLeft": 3,
                      "width": 90,
                    },
                    undefined,
                  ]
                }
              >
                <Text
                  accessible={true}
                  allowFontScaling={true}
                  ellipsizeMode="tail"
                  style={
                    Array [
                      Object {
                        "color": "#fff",
                      },
                      undefined,
                    ]
                  }
                >
                  Comics
                </Text>
              </View>
            </View>
          </View>
          <View
            style={
              Object {
                "marginRight": 5,
              }
            }
          />
          <View
            style={
              Object {
                "backgroundColor": "#00cc00",
                "borderRadius": 2,
                "height": 20,
                "width": 100,
              }
            }
          >
            <View
              style={
                Array [
                  Object {
                    "flexBasis": 0,
                    "flexDirection": "row",
                    "flexGrow": 1,
                    "flexShrink": 1,
                  },
                  undefined,
                ]
              }
            >
              <View
                style={
                  Array [
                    Object {
                      "width": 40,
                    },
                    Object {
                      "width": 40,
                    },
                  ]
                }
              >
                <Text
                  accessible={true}
                  allowFontScaling={true}
                  ellipsizeMode="tail"
                  style={
                    Array [
                      Object {
                        "color": "#fff",
                        "fontWeight": "bold",
                        "textAlign": "center",
                      },
                      undefined,
                    ]
                  }
                >
                  175
                </Text>
              </View>
              <View
                style={
                  Array [
                    Object {
                      "marginLeft": 3,
                      "width": 90,
                    },
                    undefined,
                  ]
                }
              >
                <Text
                  accessible={true}
                  allowFontScaling={true}
                  ellipsizeMode="tail"
                  style={
                    Array [
                      Object {
                        "color": "#fff",
                      },
                      undefined,
                    ]
                  }
                >
                  Series
                </Text>
              </View>
            </View>
          </View>
        </View>
      </View>
    </View>
  </View>
</View>
`;
